// Jest Snapshot v1, https://jestjs.io/docs/snapshot-testing

exports[`Button matches loading state snapshot 1`] = `
<button
  class="inline-flex items-center justify-center whitespace-nowrap rounded-md text-sm font-medium transition-colors focus-visible:outline-none focus-visible:ring-2 focus-visible:ring-blue-500 focus-visible:ring-offset-2 disabled:pointer-events-none disabled:opacity-50 bg-blue-600 text-white hover:bg-blue-700 active:bg-blue-800 h-10 px-4 py-2"
  disabled=""
>
  <svg
    class="mr-2 h-4 w-4 animate-spin"
    fill="none"
    viewBox="0 0 24 24"
    xmlns="http://www.w3.org/2000/svg"
  >
    <circle
      class="opacity-25"
      cx="12"
      cy="12"
      r="10"
      stroke="currentColor"
      stroke-width="4"
    />
    <path
      class="opacity-75"
      d="m4 12a8 8 0 0 1 8-8V0C5.373 0 0 5.373 0 12h4zm2 5.291A7.962 7.962 0 0 1 4 12H0c0 3.042 1.135 5.824 3 7.938l3-2.647z"
      fill="currentColor"
    />
  </svg>
  Loading Button
</button>
`;

exports[`Button matches snapshot 1`] = `
<button
  class="inline-flex items-center justify-center whitespace-nowrap rounded-md text-sm font-medium transition-colors focus-visible:outline-none focus-visible:ring-2 focus-visible:ring-blue-500 focus-visible:ring-offset-2 disabled:pointer-events-none disabled:opacity-50 bg-blue-600 text-white hover:bg-blue-700 active:bg-blue-800 h-10 px-4 py-2"
>
  Test Button
</button>
`;
